interactions:
- request:
    body: null
    headers:
      Accept: ['*/*']
      Accept-Encoding: ['gzip, deflate']
      Connection: [keep-alive]
      Content-Length: ['0']
      User-Agent: [python-requests/2.13.0]
    method: POST
    uri: https://www.googleapis.com/oauth2/v4/token?client_id=764086051850-6qr4p6gpi6hn506pt8ejuq83di341hur.apps.googleusercontent.com&client_secret=d-FL95Q19q7MQmFpd7hHD0Ty&grant_type=refresh_token
  response:
    body: {string: '{"access_token": "xxx", "id_token": "xxx", "expires_in": 3600,
        "token_type": "Bearer"}'}
    headers:
      Alt-Svc: ['quic=":443"; ma=2592000; v="36,35,34"']
      Cache-Control: ['no-cache, no-store, max-age=0, must-revalidate']
      Content-Type: [application/json; charset=UTF-8]
      Date: ['Thu, 23 Feb 2017 15:11:15 GMT']
      Expires: ['Mon, 01 Jan 1990 00:00:00 GMT']
      Pragma: [no-cache]
      Server: [GSE]
      Transfer-Encoding: [chunked]
      Vary: [Origin, X-Origin]
      X-Content-Type-Options: [nosniff]
      X-Frame-Options: [SAMEORIGIN]
      X-XSS-Protection: [1; mode=block]
      content-length: ['1144']
    status: {code: 200, message: OK}
- request:
    body: null
    headers:
      Accept: ['*/*']
      Accept-Encoding: ['gzip, deflate']
      Connection: [keep-alive]
      User-Agent: [python-requests/2.13.0]
    method: GET
    uri: https://www.googleapis.com/storage/v1/b/?project=continuum-compute
  response:
    body: {string: '{"kind": "storage#buckets", "items": [{"selfLink": "https://www.googleapis.com/storage/v1/b/anaconda-data",
        "kind": "storage#bucket", "name": "anaconda-data", "metageneration": "1",
        "updated": "2016-08-18T17:18:21.788Z", "storageClass": "STANDARD", "etag":
        "CAE=", "id": "anaconda-data", "projectNumber": "586241054156", "timeCreated":
        "2016-08-18T17:18:21.788Z", "location": "US"}, {"selfLink": "https://www.googleapis.com/storage/v1/b/artifacts.continuum-compute.appspot.com",
        "kind": "storage#bucket", "name": "artifacts.continuum-compute.appspot.com",
        "metageneration": "1", "updated": "2016-05-17T18:29:22.774Z", "storageClass":
        "STANDARD", "etag": "CAE=", "id": "artifacts.continuum-compute.appspot.com",
        "projectNumber": "586241054156", "timeCreated": "2016-05-17T18:29:22.774Z",
        "location": "US"}, {"selfLink": "https://www.googleapis.com/storage/v1/b/blaze-data",
        "kind": "storage#bucket", "name": "blaze-data", "metageneration": "2", "updated":
        "2015-09-06T15:55:01.051Z", "storageClass": "STANDARD", "etag": "CAI=", "id":
        "blaze-data", "projectNumber": "586241054156", "timeCreated": "2015-09-06T04:08:21.262Z",
        "location": "US"}, {"selfLink": "https://www.googleapis.com/storage/v1/b/dask_example_data",
        "kind": "storage#bucket", "name": "dask_example_data", "metageneration": "1",
        "updated": "2017-02-15T18:07:45.948Z", "storageClass": "STANDARD", "etag":
        "CAE=", "id": "dask_example_data", "projectNumber": "586241054156", "timeCreated":
        "2017-02-15T18:07:45.948Z", "location": "US"}, {"selfLink": "https://www.googleapis.com/storage/v1/b/gcsfs-testing",
        "kind": "storage#bucket", "name": "gcsfs-testing", "metageneration": "1",
        "updated": "2017-02-17T21:55:56.343Z", "storageClass": "STANDARD", "etag":
        "CAE=", "id": "gcsfs-testing", "projectNumber": "586241054156", "timeCreated":
        "2017-02-17T21:55:56.343Z", "location": "US"}, {"selfLink": "https://www.googleapis.com/storage/v1/b/gcsfs-testingnew-bucket",
        "kind": "storage#bucket", "name": "gcsfs-testingnew-bucket", "metageneration":
        "1", "updated": "2017-02-18T00:04:56.871Z", "storageClass": "STANDARD", "etag":
        "CAE=", "id": "gcsfs-testingnew-bucket", "projectNumber": "586241054156",
        "timeCreated": "2017-02-18T00:04:56.871Z", "location": "US"}, {"selfLink":
        "https://www.googleapis.com/storage/v1/b/temporary_output", "kind": "storage#bucket",
        "name": "temporary_output", "metageneration": "1", "updated": "2017-02-17T18:05:35.301Z",
        "storageClass": "STANDARD", "etag": "CAE=", "id": "temporary_output", "projectNumber":
        "586241054156", "timeCreated": "2017-02-17T18:05:35.301Z", "location": "US"}]}'}
    headers:
      Alt-Svc: ['quic=":443"; ma=2592000; v="36,35,34"']
      Cache-Control: ['private, max-age=0, must-revalidate, no-transform']
      Content-Length: ['2854']
      Content-Type: [application/json; charset=UTF-8]
      Date: ['Thu, 23 Feb 2017 15:11:15 GMT']
      Expires: ['Thu, 23 Feb 2017 15:11:15 GMT']
      Server: [UploadServer]
      Vary: [Origin, X-Origin]
      X-GUploader-UploadID: [AEnB2Uo9PNbJWB2DvXZ3VrFJ2bGLjkhWv7x43LXQZOkbYNOj4ufNkN_b89c1EHkifrwX3E1Va28To2oc5x2s6YeCsbIIbjA7bg]
    status: {code: 200, message: OK}
- request:
    body: null
    headers:
      Accept: ['*/*']
      Accept-Encoding: ['gzip, deflate']
      Connection: [keep-alive]
      Content-Length: ['0']
      User-Agent: [python-requests/2.13.0]
    method: POST
    uri: https://www.googleapis.com/oauth2/v4/token?client_id=764086051850-6qr4p6gpi6hn506pt8ejuq83di341hur.apps.googleusercontent.com&client_secret=d-FL95Q19q7MQmFpd7hHD0Ty&grant_type=refresh_token
  response:
    body: {string: '{"access_token": "xxx", "id_token": "xxx", "expires_in": 3600,
        "token_type": "Bearer"}'}
    headers:
      Alt-Svc: ['quic=":443"; ma=2592000; v="36,35,34"']
      Cache-Control: ['no-cache, no-store, max-age=0, must-revalidate']
      Content-Type: [application/json; charset=UTF-8]
      Date: ['Thu, 23 Feb 2017 15:11:16 GMT']
      Expires: ['Mon, 01 Jan 1990 00:00:00 GMT']
      Pragma: [no-cache]
      Server: [GSE]
      Transfer-Encoding: [chunked]
      Vary: [Origin, X-Origin]
      X-Content-Type-Options: [nosniff]
      X-Frame-Options: [SAMEORIGIN]
      X-XSS-Protection: [1; mode=block]
      content-length: ['1144']
    status: {code: 200, message: OK}
- request:
    body: null
    headers:
      Accept: ['*/*']
      Accept-Encoding: ['gzip, deflate']
      Connection: [keep-alive]
      User-Agent: [python-requests/2.13.0]
    method: GET
    uri: https://www.googleapis.com/storage/v1/b/?project=continuum-compute
  response:
    body: {string: '{"kind": "storage#buckets", "items": [{"selfLink": "https://www.googleapis.com/storage/v1/b/anaconda-data",
        "kind": "storage#bucket", "name": "anaconda-data", "metageneration": "1",
        "updated": "2016-08-18T17:18:21.788Z", "storageClass": "STANDARD", "etag":
        "CAE=", "id": "anaconda-data", "projectNumber": "586241054156", "timeCreated":
        "2016-08-18T17:18:21.788Z", "location": "US"}, {"selfLink": "https://www.googleapis.com/storage/v1/b/artifacts.continuum-compute.appspot.com",
        "kind": "storage#bucket", "name": "artifacts.continuum-compute.appspot.com",
        "metageneration": "1", "updated": "2016-05-17T18:29:22.774Z", "storageClass":
        "STANDARD", "etag": "CAE=", "id": "artifacts.continuum-compute.appspot.com",
        "projectNumber": "586241054156", "timeCreated": "2016-05-17T18:29:22.774Z",
        "location": "US"}, {"selfLink": "https://www.googleapis.com/storage/v1/b/blaze-data",
        "kind": "storage#bucket", "name": "blaze-data", "metageneration": "2", "updated":
        "2015-09-06T15:55:01.051Z", "storageClass": "STANDARD", "etag": "CAI=", "id":
        "blaze-data", "projectNumber": "586241054156", "timeCreated": "2015-09-06T04:08:21.262Z",
        "location": "US"}, {"selfLink": "https://www.googleapis.com/storage/v1/b/dask_example_data",
        "kind": "storage#bucket", "name": "dask_example_data", "metageneration": "1",
        "updated": "2017-02-15T18:07:45.948Z", "storageClass": "STANDARD", "etag":
        "CAE=", "id": "dask_example_data", "projectNumber": "586241054156", "timeCreated":
        "2017-02-15T18:07:45.948Z", "location": "US"}, {"selfLink": "https://www.googleapis.com/storage/v1/b/gcsfs-testing",
        "kind": "storage#bucket", "name": "gcsfs-testing", "metageneration": "1",
        "updated": "2017-02-17T21:55:56.343Z", "storageClass": "STANDARD", "etag":
        "CAE=", "id": "gcsfs-testing", "projectNumber": "586241054156", "timeCreated":
        "2017-02-17T21:55:56.343Z", "location": "US"}, {"selfLink": "https://www.googleapis.com/storage/v1/b/gcsfs-testingnew-bucket",
        "kind": "storage#bucket", "name": "gcsfs-testingnew-bucket", "metageneration":
        "1", "updated": "2017-02-18T00:04:56.871Z", "storageClass": "STANDARD", "etag":
        "CAE=", "id": "gcsfs-testingnew-bucket", "projectNumber": "586241054156",
        "timeCreated": "2017-02-18T00:04:56.871Z", "location": "US"}, {"selfLink":
        "https://www.googleapis.com/storage/v1/b/temporary_output", "kind": "storage#bucket",
        "name": "temporary_output", "metageneration": "1", "updated": "2017-02-17T18:05:35.301Z",
        "storageClass": "STANDARD", "etag": "CAE=", "id": "temporary_output", "projectNumber":
        "586241054156", "timeCreated": "2017-02-17T18:05:35.301Z", "location": "US"}]}'}
    headers:
      Alt-Svc: ['quic=":443"; ma=2592000; v="36,35,34"']
      Cache-Control: ['private, max-age=0, must-revalidate, no-transform']
      Content-Length: ['2854']
      Content-Type: [application/json; charset=UTF-8]
      Date: ['Thu, 23 Feb 2017 15:11:16 GMT']
      Expires: ['Thu, 23 Feb 2017 15:11:16 GMT']
      Server: [UploadServer]
      Vary: [Origin, X-Origin]
      X-GUploader-UploadID: [AEnB2Uoq8rvaXNc5DQWrm1mj1ba3U-fYJeVDkEMiMlDgCzHVhEqnCNsOfR_tdM5td9PGKia8z0rp2gDLnqLqOJyiICXSHxjYxA]
    status: {code: 200, message: OK}
- request:
    body: null
    headers:
      Accept: ['*/*']
      Accept-Encoding: ['gzip, deflate']
      Connection: [keep-alive]
      Content-Length: ['0']
      User-Agent: [python-requests/2.13.0]
    method: POST
    uri: https://www.googleapis.com/oauth2/v4/token?client_id=764086051850-6qr4p6gpi6hn506pt8ejuq83di341hur.apps.googleusercontent.com&client_secret=d-FL95Q19q7MQmFpd7hHD0Ty&grant_type=refresh_token
  response:
    body: {string: '{"access_token": "xxx", "id_token": "xxx", "expires_in": 3600,
        "token_type": "Bearer"}'}
    headers:
      Alt-Svc: ['quic=":443"; ma=2592000; v="35,34"']
      Cache-Control: ['no-cache, no-store, max-age=0, must-revalidate']
      Content-Type: [application/json; charset=UTF-8]
      Date: ['Thu, 23 Feb 2017 15:13:47 GMT']
      Expires: ['Mon, 01 Jan 1990 00:00:00 GMT']
      Pragma: [no-cache]
      Server: [GSE]
      Transfer-Encoding: [chunked]
      Vary: [Origin, X-Origin]
      X-Content-Type-Options: [nosniff]
      X-Frame-Options: [SAMEORIGIN]
      X-XSS-Protection: [1; mode=block]
      content-length: ['1144']
    status: {code: 200, message: OK}
- request:
    body: null
    headers:
      Accept: ['*/*']
      Accept-Encoding: ['gzip, deflate']
      Connection: [keep-alive]
      User-Agent: [python-requests/2.13.0]
    method: GET
    uri: https://www.googleapis.com/storage/v1/b/?project=continuum-compute
  response:
    body: {string: '{"kind": "storage#buckets", "items": [{"storageClass": "STANDARD",
        "kind": "storage#bucket", "name": "anaconda-data", "updated": "2016-08-18T17:18:21.788Z",
        "metageneration": "1", "projectNumber": "586241054156", "id": "anaconda-data",
        "etag": "CAE=", "selfLink": "https://www.googleapis.com/storage/v1/b/anaconda-data",
        "timeCreated": "2016-08-18T17:18:21.788Z", "location": "US"}, {"storageClass":
        "STANDARD", "kind": "storage#bucket", "name": "artifacts.continuum-compute.appspot.com",
        "updated": "2016-05-17T18:29:22.774Z", "metageneration": "1", "projectNumber":
        "586241054156", "id": "artifacts.continuum-compute.appspot.com", "etag": "CAE=",
        "selfLink": "https://www.googleapis.com/storage/v1/b/artifacts.continuum-compute.appspot.com",
        "timeCreated": "2016-05-17T18:29:22.774Z", "location": "US"}, {"storageClass":
        "STANDARD", "kind": "storage#bucket", "name": "blaze-data", "updated": "2015-09-06T15:55:01.051Z",
        "metageneration": "2", "projectNumber": "586241054156", "id": "blaze-data",
        "etag": "CAI=", "selfLink": "https://www.googleapis.com/storage/v1/b/blaze-data",
        "timeCreated": "2015-09-06T04:08:21.262Z", "location": "US"}, {"storageClass":
        "STANDARD", "kind": "storage#bucket", "name": "dask_example_data", "updated":
        "2017-02-15T18:07:45.948Z", "metageneration": "1", "projectNumber": "586241054156",
        "id": "dask_example_data", "etag": "CAE=", "selfLink": "https://www.googleapis.com/storage/v1/b/dask_example_data",
        "timeCreated": "2017-02-15T18:07:45.948Z", "location": "US"}, {"storageClass":
        "STANDARD", "kind": "storage#bucket", "name": "gcsfs-testing", "updated":
        "2017-02-17T21:55:56.343Z", "metageneration": "1", "projectNumber": "586241054156",
        "id": "gcsfs-testing", "etag": "CAE=", "selfLink": "https://www.googleapis.com/storage/v1/b/gcsfs-testing",
        "timeCreated": "2017-02-17T21:55:56.343Z", "location": "US"}, {"storageClass":
        "STANDARD", "kind": "storage#bucket", "name": "gcsfs-testingnew-bucket", "updated":
        "2017-02-18T00:04:56.871Z", "metageneration": "1", "projectNumber": "586241054156",
        "id": "gcsfs-testingnew-bucket", "etag": "CAE=", "selfLink": "https://www.googleapis.com/storage/v1/b/gcsfs-testingnew-bucket",
        "timeCreated": "2017-02-18T00:04:56.871Z", "location": "US"}, {"storageClass":
        "STANDARD", "kind": "storage#bucket", "name": "temporary_output", "updated":
        "2017-02-17T18:05:35.301Z", "metageneration": "1", "projectNumber": "586241054156",
        "id": "temporary_output", "etag": "CAE=", "selfLink": "https://www.googleapis.com/storage/v1/b/temporary_output",
        "timeCreated": "2017-02-17T18:05:35.301Z", "location": "US"}]}'}
    headers:
      Alt-Svc: ['quic=":443"; ma=2592000; v="35,34"']
      Cache-Control: ['private, max-age=0, must-revalidate, no-transform']
      Content-Length: ['2854']
      Content-Type: [application/json; charset=UTF-8]
      Date: ['Thu, 23 Feb 2017 15:13:47 GMT']
      Expires: ['Thu, 23 Feb 2017 15:13:47 GMT']
      Server: [UploadServer]
      Vary: [Origin, X-Origin]
      X-GUploader-UploadID: [AEnB2Uqiad2p18ZVhun_akbW9mRWP8s9m3U-LB8uPCisCP63MJ2U7osnWrUfzk8Oeg0TPAxgn-ZMnqTM-ur3d9GDLFf_suJogw]
    status: {code: 200, message: OK}
- request:
    body: null
    headers:
      Accept: ['*/*']
      Accept-Encoding: ['gzip, deflate']
      Connection: [keep-alive]
      Content-Length: ['0']
      User-Agent: [python-requests/2.13.0]
    method: POST
    uri: https://www.googleapis.com/oauth2/v4/token?client_id=764086051850-6qr4p6gpi6hn506pt8ejuq83di341hur.apps.googleusercontent.com&client_secret=d-FL95Q19q7MQmFpd7hHD0Ty&grant_type=refresh_token
  response:
    body: {string: '{"access_token": "xxx", "id_token": "xxx", "expires_in": 3600,
        "token_type": "Bearer"}'}
    headers:
      Alt-Svc: ['quic=":443"; ma=2592000; v="35,34"']
      Cache-Control: ['no-cache, no-store, max-age=0, must-revalidate']
      Content-Type: [application/json; charset=UTF-8]
      Date: ['Thu, 23 Feb 2017 15:13:47 GMT']
      Expires: ['Mon, 01 Jan 1990 00:00:00 GMT']
      Pragma: [no-cache]
      Server: [GSE]
      Transfer-Encoding: [chunked]
      Vary: [Origin, X-Origin]
      X-Content-Type-Options: [nosniff]
      X-Frame-Options: [SAMEORIGIN]
      X-XSS-Protection: [1; mode=block]
      content-length: ['1144']
    status: {code: 200, message: OK}
- request:
    body: null
    headers:
      Accept: ['*/*']
      Accept-Encoding: ['gzip, deflate']
      Connection: [keep-alive]
      User-Agent: [python-requests/2.13.0]
    method: GET
    uri: https://www.googleapis.com/storage/v1/b/?project=continuum-compute
  response:
    body: {string: '{"kind": "storage#buckets", "items": [{"storageClass": "STANDARD",
        "kind": "storage#bucket", "name": "anaconda-data", "updated": "2016-08-18T17:18:21.788Z",
        "metageneration": "1", "projectNumber": "586241054156", "id": "anaconda-data",
        "etag": "CAE=", "selfLink": "https://www.googleapis.com/storage/v1/b/anaconda-data",
        "timeCreated": "2016-08-18T17:18:21.788Z", "location": "US"}, {"storageClass":
        "STANDARD", "kind": "storage#bucket", "name": "artifacts.continuum-compute.appspot.com",
        "updated": "2016-05-17T18:29:22.774Z", "metageneration": "1", "projectNumber":
        "586241054156", "id": "artifacts.continuum-compute.appspot.com", "etag": "CAE=",
        "selfLink": "https://www.googleapis.com/storage/v1/b/artifacts.continuum-compute.appspot.com",
        "timeCreated": "2016-05-17T18:29:22.774Z", "location": "US"}, {"storageClass":
        "STANDARD", "kind": "storage#bucket", "name": "blaze-data", "updated": "2015-09-06T15:55:01.051Z",
        "metageneration": "2", "projectNumber": "586241054156", "id": "blaze-data",
        "etag": "CAI=", "selfLink": "https://www.googleapis.com/storage/v1/b/blaze-data",
        "timeCreated": "2015-09-06T04:08:21.262Z", "location": "US"}, {"storageClass":
        "STANDARD", "kind": "storage#bucket", "name": "dask_example_data", "updated":
        "2017-02-15T18:07:45.948Z", "metageneration": "1", "projectNumber": "586241054156",
        "id": "dask_example_data", "etag": "CAE=", "selfLink": "https://www.googleapis.com/storage/v1/b/dask_example_data",
        "timeCreated": "2017-02-15T18:07:45.948Z", "location": "US"}, {"storageClass":
        "STANDARD", "kind": "storage#bucket", "name": "gcsfs-testing", "updated":
        "2017-02-17T21:55:56.343Z", "metageneration": "1", "projectNumber": "586241054156",
        "id": "gcsfs-testing", "etag": "CAE=", "selfLink": "https://www.googleapis.com/storage/v1/b/gcsfs-testing",
        "timeCreated": "2017-02-17T21:55:56.343Z", "location": "US"}, {"storageClass":
        "STANDARD", "kind": "storage#bucket", "name": "gcsfs-testingnew-bucket", "updated":
        "2017-02-18T00:04:56.871Z", "metageneration": "1", "projectNumber": "586241054156",
        "id": "gcsfs-testingnew-bucket", "etag": "CAE=", "selfLink": "https://www.googleapis.com/storage/v1/b/gcsfs-testingnew-bucket",
        "timeCreated": "2017-02-18T00:04:56.871Z", "location": "US"}, {"storageClass":
        "STANDARD", "kind": "storage#bucket", "name": "temporary_output", "updated":
        "2017-02-17T18:05:35.301Z", "metageneration": "1", "projectNumber": "586241054156",
        "id": "temporary_output", "etag": "CAE=", "selfLink": "https://www.googleapis.com/storage/v1/b/temporary_output",
        "timeCreated": "2017-02-17T18:05:35.301Z", "location": "US"}]}'}
    headers:
      Alt-Svc: ['quic=":443"; ma=2592000; v="35,34"']
      Cache-Control: ['private, max-age=0, must-revalidate, no-transform']
      Content-Length: ['2854']
      Content-Type: [application/json; charset=UTF-8]
      Date: ['Thu, 23 Feb 2017 15:13:48 GMT']
      Expires: ['Thu, 23 Feb 2017 15:13:48 GMT']
      Server: [UploadServer]
      Vary: [Origin, X-Origin]
      X-GUploader-UploadID: [AEnB2UpCdo1rEsVJVoLQGplrFDPf6piJBq81buS4z7Y1OvwyBHukxyfK1cWN8w1KIbWWJ7riLSK-l9qqAGw9ZDSLiFbFChMRgw]
    status: {code: 200, message: OK}
version: 1
